<T> <k> . </k> <id> 1 </id> <pc> 13 </pc> <gas> 264 </gas> <wordStack> .WordStack </wordStack> <localMem> 0 |-> 20 1 |-> 30 3 |-> 50 </localMem> <gasPrice> 1 </gasPrice> <callStack> .CallStack </callStack> <accounts> <account> <acctID> 2 </acctID> <program> 0 |-> ( PUSH 0 ) 1 |-> MLOAD 2 |-> ( PUSH 1 ) 3 |-> MLOAD 4 |-> ADD 5 |-> ( PUSH 0 ) 6 |-> MSTORE 7 |-> ( PUSH 1 ) 8 |-> ( PUSH 0 ) 9 |-> RETURN </program> <storage> 0 |-> 22 1 |-> 50 2 |-> 70 </storage> <balance> 70 </balance> </account> <account> <acctID> 1 </acctID> <program> 0 |-> ( PUSH 30 ) 1 |-> ( PUSH 20 ) 2 |-> ( PUSH 0 ) 3 |-> MSTORE 4 |-> ( PUSH 1 ) 5 |-> MSTORE 6 |-> ( PUSH 1 ) 7 |-> ( PUSH 3 ) 8 |-> ( PUSH 2 ) 9 |-> ( PUSH 0 ) 10 |-> ( PUSH 400 ) 11 |-> ( PUSH 2 ) 12 |-> CALL </program> <storage> 0 |-> 30 1 |-> 20 2 |-> 25 </storage> <balance> 40 </balance> </account> </accounts> </T>
