<T> <k> . </k> <id> 1 </id> <pc> 4 </pc> <gas> 88 </gas> <wordStack> 40 : ( 40 : ( 50 : ( 40 : .WordStack ) ) ) </wordStack> <localMem> .Map </localMem> <gasPrice> 1 </gasPrice> <callStack> .CallStack </callStack> <accounts> <account> <acctID> 1 </acctID> <program> 0 |-> ( PUSH 40 ) 1 |-> ( PUSH 50 ) 2 |-> ( DUP 2 ) 3 |-> DUP 3 </program> <storage> 0 |-> 30 1 |-> 20 2 |-> 25 </storage> <balance> 40 </balance> </account> </accounts> </T>
