<T> <k> STACK_OVERFLOW </k> <id> 1 </id> <pc> 2 </pc> <gas> -20346 </gas> <wordStack> 50 : ( 40 : ( 90 : ( 90 : ( 90 : ( 90 : ( 90 : ( 90 : ( 90 : ( 90 : ( 90 : ( 90 : ( 90 : ( 90 : ( 90 : ( 90 : ( 90 : ( 90 : ( 90 : ( 90 : ( 90 : ( 90 : ( 90 : ( 90 : ( 90 : ( 90 : ( 90 : ( 90 : ( 90 : ( 90 : ( 90 : ( 90 : ( 90 : ( 90 : ( 90 : ( 90 : ( 90 : ( 90 : ( 90 : ( 90 : ( 90 : ( 90 : ( 90 : ( 90 : ( 90 : ( 90 : ( 90 : ( 90 : ( 90 : ( 90 : ( 90 : ( 90 : ( 90 : ( 90 : ( 90 : ( 90 : ( 90 : ( 90 : ( 90 : ( 90 : ( 90 : ( 90 : ( 90 : ( 90 : ( 90 : ( 90 : ( 90 : ( 90 : ( 90 : ( 90 : ( 90 : ( 90 : ( 90 : ( 90 : ( 90 : ( 90 : ( 90 : ( 90 : ( 90 : ( 90 : ( 90 : ( 90 : ( 90 : ( 90 : ( 90 : ( 90 : ( 90 : ( 90 : ( 90 : ( 90 : ( 90 : ( 90 : ( 90 : ( 90 : ( 90 : ( 90 : ( 90 : ( 90 : ( 90 : ( 90 : ( 90 : ( 90 : ( 90 : ( 90 : ( 90 : ( 90 : ( 90 : ( 90 : ( 90 : ( 90 : ( 90 : ( 90 : ( 90 : ( 90 : ( 90 : ( 90 : ( 90 : ( 90 : ( 90 : ( 90 : ( 90 : ( 90 : ( 90 : ( 90 : ( 90 : ( 90 : ( 90 : ( 90 : ( 90 : ( 90 : ( 90 : ( 90 : ( 90 : ( 90 : ( 90 : ( 90 : ( 90 : ( 90 : ( 90 : ( 90 : ( 90 : ( 90 : ( 90 : ( 90 : ( 90 : ( 90 : ( 90 : ( 90 : ( 90 : ( 90 : ( 90 : ( 90 : ( 90 : ( 90 : ( 90 : ( 90 : ( 90 : ( 90 : ( 90 : ( 90 : ( 90 : ( 90 : ( 90 : ( 90 : ( 90 : ( 90 : ( 90 : ( 90 : ( 90 : ( 90 : ( 90 : ( 90 : ( 90 : ( 90 : ( 90 : ( 90 : ( 90 : ( 90 : ( 90 : ( 90 : ( 90 : ( 90 : ( 90 : ( 90 : ( 90 : ( 90 : ( 90 : ( 90 : ( 90 : ( 90 : ( 90 : ( 90 : ( 90 : ( 90 : ( 90 : ( 90 : ( 90 : ( 90 : ( 90 : ( 90 : ( 90 : ( 90 : ( 90 : ( 90 : ( 90 : ( 90 : ( 90 : ( 90 : ( 90 : ( 90 : ( 90 : ( 90 : ( 90 : ( 90 : ( 90 : ( 90 : ( 90 : ( 90 : ( 90 : ( 90 : ( 90 : ( 90 : ( 90 : ( 90 : ( 90 : ( 90 : ( 90 : ( 90 : ( 90 : ( 90 : ( 90 : ( 90 : ( 90 : ( 90 : ( 90 : ( 90 : ( 90 : ( 90 : ( 90 : ( 90 : ( 90 : ( 90 : ( 90 : ( 90 : ( 90 : ( 90 : ( 90 : ( 90 : ( 90 : ( 90 : ( 90 : ( 90 : ( 90 : ( 90 : ( 90 : ( 90 : ( 90 : ( 90 : ( 90 : ( 90 : ( 90 : ( 90 : ( 90 : ( 90 : ( 90 : ( 90 : ( 90 : ( 90 : ( 90 : ( 90 : ( 90 : ( 90 : ( 90 : ( 90 : ( 90 : ( 90 : ( 90 : ( 90 : ( 90 : ( 90 : ( 90 : ( 90 : ( 90 : ( 90 : ( 90 : ( 90 : ( 90 : ( 90 : ( 90 : ( 90 : ( 90 : ( 90 : ( 90 : ( 90 : ( 90 : ( 90 : ( 90 : ( 90 : ( 90 : ( 90 : ( 90 : ( 90 : ( 90 : ( 90 : ( 90 : ( 90 : ( 90 : ( 90 : ( 90 : ( 90 : ( 90 : ( 90 : ( 90 : ( 90 : ( 90 : ( 90 : ( 90 : ( 90 : ( 90 : ( 90 : ( 90 : ( 90 : ( 90 : ( 90 : ( 90 : ( 90 : ( 90 : ( 90 : ( 90 : ( 90 : ( 90 : ( 90 : ( 90 : ( 90 : ( 90 : ( 90 : ( 90 : ( 90 : ( 90 : ( 90 : ( 90 : ( 90 : ( 90 : ( 90 : ( 90 : ( 90 : ( 90 : ( 90 : ( 90 : ( 90 : ( 90 : ( 90 : ( 90 : ( 90 : ( 90 : ( 90 : ( 90 : ( 90 : ( 90 : ( 90 : ( 90 : ( 90 : ( 90 : ( 90 : ( 90 : ( 90 : ( 90 : ( 90 : ( 90 : ( 90 : ( 90 : ( 90 : ( 90 : ( 90 : ( 90 : ( 90 : ( 90 : ( 90 : ( 90 : ( 90 : ( 90 : ( 90 : ( 90 : ( 90 : ( 90 : ( 90 : ( 90 : ( 90 : ( 90 : ( 90 : ( 90 : ( 90 : ( 90 : ( 90 : ( 90 : ( 90 : ( 90 : ( 90 : ( 90 : ( 90 : ( 90 : ( 90 : ( 90 : ( 90 : ( 90 : ( 90 : ( 90 : ( 90 : ( 90 : ( 90 : ( 90 : ( 90 : ( 90 : ( 90 : ( 90 : ( 90 : ( 90 : ( 90 : ( 90 : ( 90 : ( 90 : ( 90 : ( 90 : ( 90 : ( 90 : ( 90 : ( 90 : ( 90 : ( 90 : ( 90 : ( 90 : ( 90 : ( 90 : ( 90 : ( 90 : ( 90 : ( 90 : ( 90 : ( 90 : ( 90 : ( 90 : ( 90 : ( 90 : ( 90 : ( 90 : ( 90 : ( 90 : ( 90 : ( 90 : ( 90 : ( 90 : ( 90 : ( 90 : ( 90 : ( 90 : ( 90 : ( 90 : ( 90 : ( 90 : ( 90 : ( 90 : ( 90 : ( 90 : ( 90 : ( 90 : ( 90 : ( 90 : ( 90 : ( 90 : ( 90 : ( 90 : ( 90 : ( 90 : ( 90 : ( 90 : ( 90 : ( 90 : ( 90 : ( 90 : ( 90 : ( 90 : ( 90 : ( 90 : ( 90 : ( 90 : ( 90 : ( 90 : ( 90 : ( 90 : ( 90 : ( 90 : ( 90 : ( 90 : ( 90 : ( 90 : ( 90 : ( 90 : ( 90 : ( 90 : ( 90 : ( 90 : ( 90 : ( 90 : ( 90 : ( 90 : ( 90 : ( 90 : ( 90 : ( 90 : ( 90 : ( 90 : ( 90 : ( 90 : ( 90 : ( 90 : ( 90 : ( 90 : ( 90 : ( 90 : ( 90 : ( 90 : ( 90 : ( 90 : ( 90 : ( 90 : ( 90 : ( 90 : ( 90 : ( 90 : ( 90 : ( 90 : ( 90 : ( 90 : ( 90 : ( 90 : ( 90 : ( 90 : ( 90 : ( 90 : ( 90 : ( 90 : ( 90 : ( 90 : ( 90 : ( 90 : ( 90 : ( 90 : ( 90 : ( 90 : ( 90 : ( 90 : ( 90 : ( 90 : ( 90 : ( 90 : ( 90 : ( 90 : ( 90 : ( 90 : ( 90 : ( 90 : ( 90 : ( 90 : ( 90 : ( 90 : ( 90 : ( 90 : ( 90 : ( 90 : ( 90 : ( 90 : ( 90 : ( 90 : ( 90 : ( 90 : ( 90 : ( 90 : ( 90 : ( 90 : ( 90 : ( 90 : ( 90 : ( 90 : ( 90 : ( 90 : ( 90 : ( 90 : ( 90 : ( 90 : ( 90 : ( 90 : ( 90 : ( 90 : ( 90 : ( 90 : ( 90 : ( 90 : ( 90 : ( 90 : ( 90 : ( 90 : ( 90 : ( 90 : ( 90 : ( 90 : ( 90 : ( 90 : ( 90 : ( 90 : ( 90 : ( 90 : ( 90 : ( 90 : ( 90 : ( 90 : ( 90 : ( 90 : ( 90 : ( 90 : ( 90 : ( 90 : ( 90 : ( 90 : ( 90 : ( 90 : ( 90 : ( 90 : ( 90 : ( 90 : ( 90 : ( 90 : ( 90 : ( 90 : ( 90 : ( 90 : ( 90 : ( 90 : ( 90 : ( 90 : ( 90 : ( 90 : ( 90 : ( 90 : ( 90 : ( 90 : ( 90 : ( 90 : ( 90 : ( 90 : ( 90 : ( 90 : ( 90 : ( 90 : ( 90 : ( 90 : ( 90 : ( 90 : ( 90 : ( 90 : ( 90 : ( 90 : ( 90 : ( 90 : ( 90 : ( 90 : ( 90 : ( 90 : ( 90 : ( 90 : ( 90 : ( 90 : ( 90 : ( 90 : ( 90 : ( 90 : ( 90 : ( 90 : ( 90 : ( 90 : ( 90 : ( 90 : ( 90 : ( 90 : ( 90 : ( 90 : ( 90 : ( 90 : ( 90 : ( 90 : ( 90 : ( 90 : ( 90 : ( 90 : ( 90 : ( 90 : ( 90 : ( 90 : ( 90 : ( 90 : ( 90 : ( 90 : ( 90 : ( 90 : ( 90 : ( 90 : ( 90 : ( 90 : ( 90 : ( 90 : ( 90 : ( 90 : ( 90 : ( 90 : ( 90 : ( 90 : ( 90 : ( 90 : ( 90 : ( 90 : ( 90 : ( 90 : ( 90 : ( 90 : ( 90 : ( 90 : ( 90 : ( 90 : ( 90 : ( 90 : ( 90 : ( 90 : ( 90 : ( 90 : ( 90 : ( 90 : ( 90 : ( 90 : ( 90 : ( 90 : ( 90 : ( 90 : ( 90 : ( 90 : ( 90 : ( 90 : ( 90 : ( 90 : ( 90 : ( 90 : ( 90 : ( 90 : ( 90 : ( 90 : ( 90 : ( 90 : ( 90 : ( 90 : ( 90 : ( 90 : ( 90 : ( 90 : ( 90 : ( 90 : ( 90 : ( 90 : ( 90 : ( 90 : ( 90 : ( 90 : ( 90 : ( 90 : ( 90 : ( 90 : ( 90 : ( 90 : ( 90 : ( 90 : ( 90 : ( 90 : ( 90 : ( 90 : ( 90 : ( 90 : ( 90 : ( 90 : ( 90 : ( 90 : ( 90 : ( 90 : ( 90 : ( 90 : ( 90 : ( 90 : ( 90 : ( 90 : ( 90 : ( 90 : ( 90 : ( 90 : ( 90 : ( 90 : ( 90 : ( 90 : ( 90 : ( 90 : ( 90 : ( 90 : ( 90 : ( 90 : ( 90 : ( 90 : ( 90 : ( 90 : ( 90 : ( 90 : ( 90 : ( 90 : ( 90 : ( 90 : ( 90 : ( 90 : ( 90 : ( 90 : ( 90 : ( 90 : ( 90 : ( 90 : ( 90 : ( 90 : ( 90 : ( 90 : ( 90 : ( 90 : ( 90 : ( 90 : ( 90 : ( 90 : ( 90 : ( 90 : ( 90 : ( 90 : ( 90 : ( 90 : ( 90 : ( 90 : ( 90 : ( 90 : ( 90 : ( 90 : ( 90 : ( 90 : ( 90 : ( 90 : ( 90 : ( 90 : ( 90 : ( 90 : ( 90 : ( 90 : ( 90 : ( 90 : ( 90 : ( 90 : ( 90 : ( 90 : ( 90 : ( 90 : ( 90 : ( 90 : ( 90 : ( 90 : ( 90 : ( 90 : ( 90 : ( 90 : ( 90 : ( 90 : ( 90 : ( 90 : ( 90 : ( 90 : ( 90 : ( 90 : ( 90 : ( 90 : ( 90 : ( 90 : ( 90 : ( 90 : ( 90 : ( 90 : ( 90 : ( 90 : ( 90 : ( 90 : ( 90 : ( 90 : ( 90 : ( 90 : ( 90 : ( 90 : ( 90 : ( 90 : ( 90 : ( 90 : ( 90 : ( 90 : ( 90 : ( 90 : ( 90 : ( 90 : ( 90 : ( 90 : ( 90 : ( 90 : ( 90 : ( 90 : ( 90 : ( 90 : ( 90 : ( 90 : ( 90 : ( 90 : ( 90 : ( 90 : ( 90 : ( 90 : ( 90 : ( 90 : ( 90 : ( 90 : ( 90 : ( 90 : ( 90 : ( 90 : ( 90 : ( 90 : ( 90 : ( 90 : ( 90 : ( 90 : ( 90 : ( 90 : ( 90 : ( 90 : ( 90 : ( 90 : ( 90 : ( 90 : ( 90 : ( 90 : ( 90 : ( 90 : ( 90 : ( 90 : ( 90 : ( 90 : ( 90 : ( 90 : ( 90 : ( 90 : ( 90 : ( 90 : ( 90 : ( 90 : ( 90 : ( 90 : ( 90 : ( 90 : ( 90 : ( 90 : ( 90 : ( 90 : ( 90 : ( 90 : ( 90 : ( 90 : ( 90 : ( 90 : ( 90 : ( 90 : ( 90 : ( 90 : ( 90 : ( 90 : ( 90 : ( 90 : ( 90 : ( 90 : ( 90 : ( 90 : ( 90 : ( 90 : ( 90 : ( 90 : ( 90 : ( 90 : ( 90 : ( 90 : ( 90 : ( 90 : ( 90 : ( 90 : ( 90 : ( 90 : ( 90 : ( 90 : ( 90 : ( 90 : ( 90 : ( 90 : ( 90 : ( 90 : ( 90 : ( 90 : ( 90 : ( 90 : ( 90 : ( 90 : ( 90 : ( 90 : ( 90 : ( 90 : ( 90 : .WordStack ) ) ) ) ) ) ) ) ) ) ) ) ) ) ) ) ) ) ) ) ) ) ) ) ) ) ) ) ) ) ) ) ) ) ) ) ) ) ) ) ) ) ) ) ) ) ) ) ) ) ) ) ) ) ) ) ) ) ) ) ) ) ) ) ) ) ) ) ) ) ) ) ) ) ) ) ) ) ) ) ) ) ) ) ) ) ) ) ) ) ) ) ) ) ) ) ) ) ) ) ) ) ) ) ) ) ) ) ) ) ) ) ) ) ) ) ) ) ) ) ) ) ) ) ) ) ) ) ) ) ) ) ) ) ) ) ) ) ) ) ) ) ) ) ) ) ) ) ) ) ) ) ) ) ) ) ) ) ) ) ) ) ) ) ) ) ) ) ) ) ) ) ) ) ) ) ) ) ) ) ) ) ) ) ) ) ) ) ) ) ) ) ) ) ) ) ) ) ) ) ) ) ) ) ) ) ) ) ) ) ) ) ) ) ) ) ) ) ) ) ) ) ) ) ) ) ) ) ) ) ) ) ) ) ) ) ) ) ) ) ) ) ) ) ) ) ) ) ) ) ) ) ) ) ) ) ) ) ) ) ) ) ) ) ) ) ) ) ) ) ) ) ) ) ) ) ) ) ) ) ) ) ) ) ) ) ) ) ) ) ) ) ) ) ) ) ) ) ) ) ) ) ) ) ) ) ) ) ) ) ) ) ) ) ) ) ) ) ) ) ) ) ) ) ) ) ) ) ) ) ) ) ) ) ) ) ) ) ) ) ) ) ) ) ) ) ) ) ) ) ) ) ) ) ) ) ) ) ) ) ) ) ) ) ) ) ) ) ) ) ) ) ) ) ) ) ) ) ) ) ) ) ) ) ) ) ) ) ) ) ) ) ) ) ) ) ) ) ) ) ) ) ) ) ) ) ) ) ) ) ) ) ) ) ) ) ) ) ) ) ) ) ) ) ) ) ) ) ) ) ) ) ) ) ) ) ) ) ) ) ) ) ) ) ) ) ) ) ) ) ) ) ) ) ) ) ) ) ) ) ) ) ) ) ) ) ) ) ) ) ) ) ) ) ) ) ) ) ) ) ) ) ) ) ) ) ) ) ) ) ) ) ) ) ) ) ) ) ) ) ) ) ) ) ) ) ) ) ) ) ) ) ) ) ) ) ) ) ) ) ) ) ) ) ) ) ) ) ) ) ) ) ) ) ) ) ) ) ) ) ) ) ) ) ) ) ) ) ) ) ) ) ) ) ) ) ) ) ) ) ) ) ) ) ) ) ) ) ) ) ) ) ) ) ) ) ) ) ) ) ) ) ) ) ) ) ) ) ) ) ) ) ) ) ) ) ) ) ) ) ) ) ) ) ) ) ) ) ) ) ) ) ) ) ) ) ) ) ) ) ) ) ) ) ) ) ) ) ) ) ) ) ) ) ) ) ) ) ) ) ) ) ) ) ) ) ) ) ) ) ) ) ) ) ) ) ) ) ) ) ) ) ) ) ) ) ) ) ) ) ) ) ) ) ) ) ) ) ) ) ) ) ) ) ) ) ) ) ) ) ) ) ) ) ) ) ) ) ) ) ) ) ) ) ) ) ) ) ) ) ) ) ) ) ) ) ) ) ) ) ) ) ) ) ) ) ) ) ) ) ) ) ) ) ) ) ) ) ) ) ) ) ) ) ) ) ) ) ) ) ) ) ) ) ) ) ) ) ) ) ) ) ) ) ) ) ) ) ) ) ) ) ) ) ) ) ) ) ) ) ) ) ) ) ) ) ) ) ) ) ) ) ) ) ) ) ) ) ) ) ) ) ) ) ) ) ) ) ) ) ) ) ) ) ) ) ) ) ) ) ) ) ) ) ) ) ) ) ) ) ) ) ) ) ) ) ) ) ) ) ) ) ) ) ) ) ) ) ) ) ) ) ) ) ) ) ) ) ) ) ) ) ) ) ) ) ) ) ) ) ) ) ) ) ) ) ) ) ) ) ) ) ) ) ) ) ) ) ) ) ) ) ) ) ) ) ) ) ) ) ) ) ) ) ) ) ) ) ) ) ) ) ) ) ) ) ) ) ) ) ) ) ) ) ) ) ) ) ) ) ) ) ) ) ) ) ) ) ) ) ) ) ) ) ) ) ) ) ) ) ) ) ) ) ) ) ) ) ) ) ) ) ) ) ) ) ) ) ) ) ) ) ) ) ) ) ) ) ) ) ) ) ) ) ) ) ) ) ) ) ) ) ) ) ) ) ) ) ) ) ) ) ) ) ) ) ) ) ) ) ) ) ) ) ) ) ) ) ) ) ) ) ) </wordStack> <localMem> .Map </localMem> <gasPrice> 1 </gasPrice> <callStack> .CallStack </callStack> <accounts> <account> <acctID> 1 </acctID> <program> 0 |-> ( PUSH 40 ) 1 |-> ( PUSH 50 ) 2 |-> ADD 3 |-> ( PUSH 0 ) 4 |-> JUMP </program> <storage> 0 |-> 30 1 |-> 20 2 |-> 25 </storage> <balance> 40 </balance> </account> </accounts> </T>
