<T> <k> . </k> <id> 1 </id> <pc> 3 </pc> <gas> 91 </gas> <wordStack> 0 : .WordStack </wordStack> <localMem> .Map </localMem> <gasPrice> 1 </gasPrice> <callStack> .CallStack </callStack> <accounts> <account> <acctID> 1 </acctID> <program> 0 |-> ( PUSH 3 ) 1 |-> ( PUSH 5 ) 2 |-> LT </program> <storage> .Map </storage> <balance> 40 </balance> </account> </accounts> </T>
