<T> <k> . </k> <id> 1 </id> <pc> 50 </pc> <gas> 9607 </gas> <wordStack> .WordStack </wordStack> <localMem> 0 |-> 0 1 |-> 15 </localMem> <gasPrice> 1 </gasPrice> <callStack> .CallStack </callStack> <accounts> <account> <acctID> 1 </acctID> <program> 0 |-> ( PUSH 5 ) 1 |-> ( PUSH 0 ) 2 |-> MSTORE 3 |-> ( PUSH 0 ) 4 |-> ( PUSH 1 ) 5 |-> MSTORE 6 |-> ( PUSH 0 ) 7 |-> MLOAD 8 |-> ( PUSH 12 ) 9 |-> JUMP1 10 |-> ( PUSH 50 ) 11 |-> JUMP 12 |-> ( PUSH 1 ) 13 |-> MLOAD 14 |-> ( PUSH 0 ) 15 |-> MLOAD 16 |-> ADD 17 |-> ( PUSH 1 ) 18 |-> MSTORE 19 |-> ( PUSH 1 ) 20 |-> ( PUSH 0 ) 21 |-> MLOAD 22 |-> SUB 23 |-> ( PUSH 0 ) 24 |-> MSTORE 25 |-> ( PUSH 6 ) 26 |-> JUMP </program> <storage> 0 |-> 30 1 |-> 20 2 |-> 25 </storage> <balance> 40 </balance> </account> </accounts> </T>
