<T> <k> . </k> <id> 1 </id> <pc> 3 </pc> <gas> 41 </gas> <wordStack> ( V0 +Int 10 ) : .WordStack </wordStack> <localMem> .Map </localMem> <gasPrice> 1 </gasPrice> <callStack> .CallStack </callStack> <accounts> <account> <acctID> 1 </acctID> <program> 0 |-> ( PUSH 10 ) 1 |-> ( PUSH V0 ) 2 |-> ADD </program> <storage> 0 |-> 30 1 |-> 20 2 |-> 25 </storage> <balance> 70 </balance> </account> </accounts> </T>
